// Jest Snapshot v1, https://goo.gl/fbAQLP

exports[`getPokemon should fetch Pok√©mon data successfully 1`] = `
Object {
  "abilities": Array [
    Object {
      "ability": Object {
        "name": "blaze",
      },
    },
    Object {
      "ability": Object {
        "name": "solar-power",
      },
    },
  ],
  "name": "charizard",
}
`;
